c:\users\elouan\documents\sdk\mod_hl2\sp\src\utils\captioncompiler\release\captioncompiler.lib
c:\users\elouan\documents\sdk\mod_hl2\sp\src\utils\captioncompiler\release\captioncompiler.exp
c:\users\elouan\documents\sdk\mod_hl2\sp\src\utils\captioncompiler\release\pacifier.obj
c:\users\elouan\documents\sdk\mod_hl2\sp\src\utils\captioncompiler\release\captioncompiler.obj
c:\users\elouan\documents\sdk\mod_hl2\sp\src\utils\captioncompiler\release\scriplib.obj
c:\users\elouan\documents\sdk\mod_hl2\sp\src\utils\captioncompiler\release\stringregistry.obj
c:\users\elouan\documents\sdk\mod_hl2\sp\src\utils\captioncompiler\release\filesystem_helpers.obj
c:\users\elouan\documents\sdk\mod_hl2\sp\src\utils\captioncompiler\release\memoverride.obj
c:\users\elouan\documents\sdk\mod_hl2\sp\src\utils\captioncompiler\release\cmdlib.obj
c:\users\elouan\documents\sdk\mod_hl2\sp\src\utils\captioncompiler\release\filesystem_tools.obj
c:\users\elouan\documents\sdk\mod_hl2\sp\src\utils\captioncompiler\release\filesystem_init.obj
c:\users\elouan\documents\sdk\mod_hl2\sp\src\utils\captioncompiler\release\compiledcaptionswap.obj
c:\users\elouan\documents\sdk\mod_hl2\sp\src\utils\captioncompiler\release\vc120.pdb
c:\users\elouan\documents\sdk\mod_hl2\sp\src\utils\captioncompiler\release\pointeroverride.obj
c:\users\elouan\documents\sdk\mod_hl2\sp\src\utils\captioncompiler\captioncompiler.vpc.sentinel
c:\users\elouan\documents\sdk\mod_hl2\sp\src\utils\captioncompiler\release\captioncompiler.exe
c:\users\elouan\documents\sdk\mod_hl2\sp\src\utils\captioncompiler\release\captioncompiler.pdb
c:\users\elouan\documents\sdk\mod_hl2\sp\src\utils\captioncompiler\.\release\.\captioncompiler.exe
c:\users\elouan\documents\sdk\mod_hl2\sp\src\utils\captioncompiler\release\captioncompiler.tlog\captioncompiler.write.1u.tlog
c:\users\elouan\documents\sdk\mod_hl2\sp\src\utils\captioncompiler\release\captioncompiler.tlog\cl.command.1.tlog
c:\users\elouan\documents\sdk\mod_hl2\sp\src\utils\captioncompiler\release\captioncompiler.tlog\cl.read.1.tlog
c:\users\elouan\documents\sdk\mod_hl2\sp\src\utils\captioncompiler\release\captioncompiler.tlog\cl.write.1.tlog
c:\users\elouan\documents\sdk\mod_hl2\sp\src\utils\captioncompiler\release\captioncompiler.tlog\custombuild.command.1.tlog
c:\users\elouan\documents\sdk\mod_hl2\sp\src\utils\captioncompiler\release\captioncompiler.tlog\custombuild.read.1.tlog
c:\users\elouan\documents\sdk\mod_hl2\sp\src\utils\captioncompiler\release\captioncompiler.tlog\custombuild.write.1.tlog
c:\users\elouan\documents\sdk\mod_hl2\sp\src\utils\captioncompiler\release\captioncompiler.tlog\link.command.1.tlog
c:\users\elouan\documents\sdk\mod_hl2\sp\src\utils\captioncompiler\release\captioncompiler.tlog\link.read.1.tlog
c:\users\elouan\documents\sdk\mod_hl2\sp\src\utils\captioncompiler\release\captioncompiler.tlog\link.write.1.tlog
