c:\users\elouan\documents\sdk\mod_hl2\sp\src\utils\phonemeextractor\release\phonemeextractor.obj
c:\users\elouan\documents\sdk\mod_hl2\sp\src\utils\phonemeextractor\release\memoverride.obj
c:\users\elouan\documents\sdk\mod_hl2\sp\src\utils\phonemeextractor\release\sentence.obj
c:\users\elouan\documents\sdk\mod_hl2\sp\src\utils\phonemeextractor\release\phonemeconverter.obj
c:\users\elouan\documents\sdk\mod_hl2\sp\src\utils\phonemeextractor\release\vc120.pdb
c:\users\elouan\documents\sdk\mod_hl2\sp\src\utils\phonemeextractor\release\extractor_utils.obj
c:\users\elouan\documents\sdk\mod_hl2\sp\src\utils\phonemeextractor\release\pointeroverride.obj
c:\users\elouan\documents\sdk\mod_hl2\sp\src\utils\phonemeextractor\phonemeextractor.vpc.sentinel
c:\users\elouan\documents\sdk\mod_hl2\sp\src\utils\phonemeextractor\release\phonemeextractor.dll
c:\users\elouan\documents\sdk\mod_hl2\sp\src\utils\phonemeextractor\release\phonemeextractor.pdb
c:\users\elouan\documents\sdk\mod_hl2\sp\src\utils\phonemeextractor\release\phonemeextractor.lib
c:\users\elouan\documents\sdk\mod_hl2\sp\src\utils\phonemeextractor\release\phonemeextractor.exp
c:\users\elouan\documents\sdk\mod_hl2\sp\src\utils\phonemeextractor\.\release\.\phonemeextractor.dll
c:\users\elouan\documents\sdk\mod_hl2\sp\src\utils\phonemeextractor\release\phonemeextractor.tlog\cl.command.1.tlog
c:\users\elouan\documents\sdk\mod_hl2\sp\src\utils\phonemeextractor\release\phonemeextractor.tlog\cl.read.1.tlog
c:\users\elouan\documents\sdk\mod_hl2\sp\src\utils\phonemeextractor\release\phonemeextractor.tlog\cl.write.1.tlog
c:\users\elouan\documents\sdk\mod_hl2\sp\src\utils\phonemeextractor\release\phonemeextractor.tlog\custombuild.command.1.tlog
c:\users\elouan\documents\sdk\mod_hl2\sp\src\utils\phonemeextractor\release\phonemeextractor.tlog\custombuild.read.1.tlog
c:\users\elouan\documents\sdk\mod_hl2\sp\src\utils\phonemeextractor\release\phonemeextractor.tlog\custombuild.write.1.tlog
c:\users\elouan\documents\sdk\mod_hl2\sp\src\utils\phonemeextractor\release\phonemeextractor.tlog\link.command.1.tlog
c:\users\elouan\documents\sdk\mod_hl2\sp\src\utils\phonemeextractor\release\phonemeextractor.tlog\link.read.1.tlog
c:\users\elouan\documents\sdk\mod_hl2\sp\src\utils\phonemeextractor\release\phonemeextractor.tlog\link.write.1.tlog
c:\users\elouan\documents\sdk\mod_hl2\sp\src\utils\phonemeextractor\release\phonemeextractor.tlog\phonemeextractor.write.1u.tlog
