c:\users\elouan\documents\sdk\mod_hl2\sp\src\utils\glview\release\vc120.pdb
c:\users\elouan\documents\sdk\mod_hl2\sp\src\utils\glview\release\pointeroverride.obj
c:\users\elouan\documents\sdk\mod_hl2\sp\src\utils\glview\glview.vpc.sentinel
c:\users\elouan\documents\sdk\mod_hl2\sp\src\utils\glview\release\glview.lib
c:\users\elouan\documents\sdk\mod_hl2\sp\src\utils\glview\release\glview.exp
c:\users\elouan\documents\sdk\mod_hl2\sp\src\utils\glview\release\glview.exe
c:\users\elouan\documents\sdk\mod_hl2\sp\src\utils\glview\release\glview.pdb
c:\users\elouan\documents\sdk\mod_hl2\sp\src\utils\glview\release\cmdlib.obj
c:\users\elouan\documents\sdk\mod_hl2\sp\src\utils\glview\release\filesystem_helpers.obj
c:\users\elouan\documents\sdk\mod_hl2\sp\src\utils\glview\release\filesystem_init.obj
c:\users\elouan\documents\sdk\mod_hl2\sp\src\utils\glview\release\filesystem_tools.obj
c:\users\elouan\documents\sdk\mod_hl2\sp\src\utils\glview\release\glview.obj
c:\users\elouan\documents\sdk\mod_hl2\sp\src\utils\glview\release\memoverride.obj
c:\users\elouan\documents\sdk\mod_hl2\sp\src\utils\glview\release\physdll.obj
c:\users\elouan\documents\sdk\mod_hl2\sp\src\utils\glview\.\release\.\glview.exe
c:\users\elouan\documents\sdk\mod_hl2\sp\src\utils\glview\release\glview.tlog\cl.command.1.tlog
c:\users\elouan\documents\sdk\mod_hl2\sp\src\utils\glview\release\glview.tlog\cl.read.1.tlog
c:\users\elouan\documents\sdk\mod_hl2\sp\src\utils\glview\release\glview.tlog\cl.write.1.tlog
c:\users\elouan\documents\sdk\mod_hl2\sp\src\utils\glview\release\glview.tlog\custombuild.command.1.tlog
c:\users\elouan\documents\sdk\mod_hl2\sp\src\utils\glview\release\glview.tlog\custombuild.read.1.tlog
c:\users\elouan\documents\sdk\mod_hl2\sp\src\utils\glview\release\glview.tlog\custombuild.write.1.tlog
c:\users\elouan\documents\sdk\mod_hl2\sp\src\utils\glview\release\glview.tlog\glview.write.1u.tlog
c:\users\elouan\documents\sdk\mod_hl2\sp\src\utils\glview\release\glview.tlog\link.command.1.tlog
c:\users\elouan\documents\sdk\mod_hl2\sp\src\utils\glview\release\glview.tlog\link.read.1.tlog
c:\users\elouan\documents\sdk\mod_hl2\sp\src\utils\glview\release\glview.tlog\link.write.1.tlog
