c:\users\elouan\documents\sdk\mod_hl2\sp\src\utils\vvis_launcher\debug\vvis_launcher.pch
c:\users\elouan\documents\sdk\mod_hl2\sp\src\utils\vvis_launcher\release\vc120.pdb
c:\users\elouan\documents\sdk\mod_hl2\sp\src\utils\vvis_launcher\release\stdafx.obj
c:\users\elouan\documents\sdk\mod_hl2\sp\src\utils\vvis_launcher\release\memoverride.obj
c:\users\elouan\documents\sdk\mod_hl2\sp\src\utils\vvis_launcher\release\vvis_launcher.obj
c:\users\elouan\documents\sdk\mod_hl2\sp\src\utils\vvis_launcher\release\pointeroverride.obj
c:\users\elouan\documents\sdk\mod_hl2\sp\src\utils\vvis_launcher\vvis_launcher.vpc.sentinel
c:\users\elouan\documents\sdk\mod_hl2\sp\src\utils\vvis_launcher\release\vvis.exe
c:\users\elouan\documents\sdk\mod_hl2\sp\src\utils\vvis_launcher\release\vvis.pdb
c:\users\elouan\documents\sdk\mod_hl2\sp\src\utils\vvis_launcher\release\vvis.lib
c:\users\elouan\documents\sdk\mod_hl2\sp\src\utils\vvis_launcher\release\vvis.exp
c:\users\elouan\documents\sdk\mod_hl2\sp\src\utils\vvis_launcher\.\release\.\vvis.exe
c:\users\elouan\documents\sdk\mod_hl2\sp\src\utils\vvis_launcher\release\vvis_launcher.tlog\cl.command.1.tlog
c:\users\elouan\documents\sdk\mod_hl2\sp\src\utils\vvis_launcher\release\vvis_launcher.tlog\cl.read.1.tlog
c:\users\elouan\documents\sdk\mod_hl2\sp\src\utils\vvis_launcher\release\vvis_launcher.tlog\cl.write.1.tlog
c:\users\elouan\documents\sdk\mod_hl2\sp\src\utils\vvis_launcher\release\vvis_launcher.tlog\custombuild.command.1.tlog
c:\users\elouan\documents\sdk\mod_hl2\sp\src\utils\vvis_launcher\release\vvis_launcher.tlog\custombuild.read.1.tlog
c:\users\elouan\documents\sdk\mod_hl2\sp\src\utils\vvis_launcher\release\vvis_launcher.tlog\custombuild.write.1.tlog
c:\users\elouan\documents\sdk\mod_hl2\sp\src\utils\vvis_launcher\release\vvis_launcher.tlog\link.command.1.tlog
c:\users\elouan\documents\sdk\mod_hl2\sp\src\utils\vvis_launcher\release\vvis_launcher.tlog\link.read.1.tlog
c:\users\elouan\documents\sdk\mod_hl2\sp\src\utils\vvis_launcher\release\vvis_launcher.tlog\link.write.1.tlog
c:\users\elouan\documents\sdk\mod_hl2\sp\src\utils\vvis_launcher\release\vvis_launcher.tlog\vvis_launcher.write.1u.tlog
