c:\users\elouan\documents\sdk\mod_hl2\sp\src\utils\serverplugin_sample\debug\serverplugin_bot.obj
c:\users\elouan\documents\sdk\mod_hl2\sp\src\utils\serverplugin_sample\debug\serverplugin_empty.obj
c:\users\elouan\documents\sdk\mod_hl2\sp\src\utils\serverplugin_sample\debug\memoverride.obj
c:\users\elouan\documents\sdk\mod_hl2\sp\src\utils\serverplugin_sample\debug\vc120.pdb
c:\users\elouan\documents\sdk\mod_hl2\sp\src\utils\serverplugin_sample\debug\pointeroverride.obj
c:\users\elouan\documents\sdk\mod_hl2\sp\src\utils\serverplugin_sample\serverplugin_empty.vpc.sentinel
c:\users\elouan\documents\sdk\mod_hl2\sp\src\utils\serverplugin_sample\debug\serverplugin_empty.ilk
c:\users\elouan\documents\sdk\mod_hl2\sp\src\utils\serverplugin_sample\debug\serverplugin_empty.dll
c:\users\elouan\documents\sdk\mod_hl2\sp\src\utils\serverplugin_sample\debug\serverplugin_empty.pdb
c:\users\elouan\documents\sdk\mod_hl2\sp\src\utils\serverplugin_sample\debug\serverplugin_empty.lib
c:\users\elouan\documents\sdk\mod_hl2\sp\src\utils\serverplugin_sample\debug\serverplugin_empty.exp
c:\users\elouan\documents\sdk\mod_hl2\sp\src\utils\serverplugin_sample\debug\vc120.idb
c:\users\elouan\documents\sdk\mod_hl2\sp\src\utils\serverplugin_sample\.\debug\.\serverplugin_empty.dll
c:\users\elouan\documents\sdk\mod_hl2\sp\src\utils\serverplugin_sample\debug\serverpl.394b82b6.tlog\cl.command.1.tlog
c:\users\elouan\documents\sdk\mod_hl2\sp\src\utils\serverplugin_sample\debug\serverpl.394b82b6.tlog\cl.read.1.tlog
c:\users\elouan\documents\sdk\mod_hl2\sp\src\utils\serverplugin_sample\debug\serverpl.394b82b6.tlog\cl.write.1.tlog
c:\users\elouan\documents\sdk\mod_hl2\sp\src\utils\serverplugin_sample\debug\serverpl.394b82b6.tlog\custombuild.command.1.tlog
c:\users\elouan\documents\sdk\mod_hl2\sp\src\utils\serverplugin_sample\debug\serverpl.394b82b6.tlog\custombuild.read.1.tlog
c:\users\elouan\documents\sdk\mod_hl2\sp\src\utils\serverplugin_sample\debug\serverpl.394b82b6.tlog\custombuild.write.1.tlog
c:\users\elouan\documents\sdk\mod_hl2\sp\src\utils\serverplugin_sample\debug\serverpl.394b82b6.tlog\link.command.1.tlog
c:\users\elouan\documents\sdk\mod_hl2\sp\src\utils\serverplugin_sample\debug\serverpl.394b82b6.tlog\link.read.1.tlog
c:\users\elouan\documents\sdk\mod_hl2\sp\src\utils\serverplugin_sample\debug\serverpl.394b82b6.tlog\link.write.1.tlog
c:\users\elouan\documents\sdk\mod_hl2\sp\src\utils\serverplugin_sample\debug\serverpl.394b82b6.tlog\serverplugin_empty.write.1u.tlog
