c:\users\elouan\documents\sdk\mod_hl2\sp\src\utils\glview\debug\filesystem_helpers.obj
c:\users\elouan\documents\sdk\mod_hl2\sp\src\utils\glview\debug\filesystem_tools.obj
c:\users\elouan\documents\sdk\mod_hl2\sp\src\utils\glview\debug\memoverride.obj
c:\users\elouan\documents\sdk\mod_hl2\sp\src\utils\glview\debug\filesystem_init.obj
c:\users\elouan\documents\sdk\mod_hl2\sp\src\utils\glview\debug\cmdlib.obj
c:\users\elouan\documents\sdk\mod_hl2\sp\src\utils\glview\debug\physdll.obj
c:\users\elouan\documents\sdk\mod_hl2\sp\src\utils\glview\debug\glview.obj
c:\users\elouan\documents\sdk\mod_hl2\sp\src\utils\glview\debug\vc120.pdb
c:\users\elouan\documents\sdk\mod_hl2\sp\src\utils\glview\debug\pointeroverride.obj
c:\users\elouan\documents\sdk\mod_hl2\sp\src\utils\glview\glview.vpc.sentinel
c:\users\elouan\documents\sdk\mod_hl2\sp\src\utils\glview\debug\glview.lib
c:\users\elouan\documents\sdk\mod_hl2\sp\src\utils\glview\debug\glview.exp
c:\users\elouan\documents\sdk\mod_hl2\sp\src\utils\glview\debug\glview.ilk
c:\users\elouan\documents\sdk\mod_hl2\sp\src\utils\glview\debug\glview.exe
c:\users\elouan\documents\sdk\mod_hl2\sp\src\utils\glview\debug\glview.pdb
c:\users\elouan\documents\sdk\mod_hl2\sp\src\utils\glview\debug\vc120.idb
c:\users\elouan\documents\sdk\mod_hl2\sp\src\utils\glview\.\debug\.\glview.exe
c:\users\elouan\documents\sdk\mod_hl2\sp\src\utils\glview\debug\glview.tlog\cl.command.1.tlog
c:\users\elouan\documents\sdk\mod_hl2\sp\src\utils\glview\debug\glview.tlog\cl.read.1.tlog
c:\users\elouan\documents\sdk\mod_hl2\sp\src\utils\glview\debug\glview.tlog\cl.write.1.tlog
c:\users\elouan\documents\sdk\mod_hl2\sp\src\utils\glview\debug\glview.tlog\custombuild.command.1.tlog
c:\users\elouan\documents\sdk\mod_hl2\sp\src\utils\glview\debug\glview.tlog\custombuild.read.1.tlog
c:\users\elouan\documents\sdk\mod_hl2\sp\src\utils\glview\debug\glview.tlog\custombuild.write.1.tlog
c:\users\elouan\documents\sdk\mod_hl2\sp\src\utils\glview\debug\glview.tlog\glview.write.1u.tlog
c:\users\elouan\documents\sdk\mod_hl2\sp\src\utils\glview\debug\glview.tlog\link.command.1.tlog
c:\users\elouan\documents\sdk\mod_hl2\sp\src\utils\glview\debug\glview.tlog\link.read.1.tlog
c:\users\elouan\documents\sdk\mod_hl2\sp\src\utils\glview\debug\glview.tlog\link.write.1.tlog
