c:\users\elouan\documents\sdk\mod_hl2\sp\src\mathlib\mathlib.vpc.sentinel
c:\users\elouan\documents\sdk\mod_hl2\sp\src\lib\public\mathlib.lib
c:\users\elouan\documents\sdk\mod_hl2\sp\src\mathlib\release\3dnow.obj
c:\users\elouan\documents\sdk\mod_hl2\sp\src\mathlib\release\almostequal.obj
c:\users\elouan\documents\sdk\mod_hl2\sp\src\mathlib\release\anorms.obj
c:\users\elouan\documents\sdk\mod_hl2\sp\src\mathlib\release\bumpvects.obj
c:\users\elouan\documents\sdk\mod_hl2\sp\src\mathlib\release\color_conversion.obj
c:\users\elouan\documents\sdk\mod_hl2\sp\src\mathlib\release\halton.obj
c:\users\elouan\documents\sdk\mod_hl2\sp\src\mathlib\release\icekey.obj
c:\users\elouan\documents\sdk\mod_hl2\sp\src\mathlib\release\imagequant.obj
c:\users\elouan\documents\sdk\mod_hl2\sp\src\mathlib\release\lightdesc.obj
c:\users\elouan\documents\sdk\mod_hl2\sp\src\mathlib\release\mathlib_base.obj
c:\users\elouan\documents\sdk\mod_hl2\sp\src\mathlib\release\polyhedron.obj
c:\users\elouan\documents\sdk\mod_hl2\sp\src\mathlib\release\powsse.obj
c:\users\elouan\documents\sdk\mod_hl2\sp\src\mathlib\release\quantize.obj
c:\users\elouan\documents\sdk\mod_hl2\sp\src\mathlib\release\randsse.obj
c:\users\elouan\documents\sdk\mod_hl2\sp\src\mathlib\release\simdvectormatrix.obj
c:\users\elouan\documents\sdk\mod_hl2\sp\src\mathlib\release\sparse_convolution_noise.obj
c:\users\elouan\documents\sdk\mod_hl2\sp\src\mathlib\release\spherical.obj
c:\users\elouan\documents\sdk\mod_hl2\sp\src\mathlib\release\sse.obj
c:\users\elouan\documents\sdk\mod_hl2\sp\src\mathlib\release\sseconst.obj
c:\users\elouan\documents\sdk\mod_hl2\sp\src\mathlib\release\ssenoise.obj
c:\users\elouan\documents\sdk\mod_hl2\sp\src\mathlib\release\vector.obj
c:\users\elouan\documents\sdk\mod_hl2\sp\src\mathlib\release\vmatrix.obj
c:\users\elouan\documents\sdk\mod_hl2\sp\src\mathlib\..\lib\public\.\mathlib.lib
c:\users\elouan\documents\sdk\mod_hl2\sp\src\mathlib\release\mathlib.tlog\cl.command.1.tlog
c:\users\elouan\documents\sdk\mod_hl2\sp\src\mathlib\release\mathlib.tlog\cl.read.1.tlog
c:\users\elouan\documents\sdk\mod_hl2\sp\src\mathlib\release\mathlib.tlog\custombuild.command.1.tlog
c:\users\elouan\documents\sdk\mod_hl2\sp\src\mathlib\release\mathlib.tlog\custombuild.read.1.tlog
c:\users\elouan\documents\sdk\mod_hl2\sp\src\mathlib\release\mathlib.tlog\custombuild.write.1.tlog
c:\users\elouan\documents\sdk\mod_hl2\sp\src\mathlib\release\mathlib.tlog\lib-link.read.1.tlog
c:\users\elouan\documents\sdk\mod_hl2\sp\src\mathlib\release\mathlib.tlog\lib-link.write.1.tlog
c:\users\elouan\documents\sdk\mod_hl2\sp\src\mathlib\release\mathlib.tlog\lib.command.1.tlog
