c:\users\elouan\documents\sdk\mod_hl2\sp\src\game\gamepadui\release_mod_hl2\vc120.pdb
c:\users\elouan\documents\sdk\mod_hl2\sp\src\game\gamepadui\release_mod_hl2\pointeroverride.obj
c:\users\elouan\documents\sdk\mod_hl2\sp\src\game\gamepadui\gamepadui_hl2.vpc.sentinel
c:\users\elouan\documents\sdk\mod_hl2\sp\src\game\gamepadui\release_mod_hl2\gamepadui.lib
c:\users\elouan\documents\sdk\mod_hl2\sp\src\game\gamepadui\release_mod_hl2\gamepadui.exp
c:\users\elouan\documents\sdk\mod_hl2\sp\src\game\gamepadui\release_mod_hl2\gamepadui.dll
c:\users\elouan\documents\sdk\mod_hl2\sp\src\game\gamepadui\release_mod_hl2\gamepadui.pdb
c:\users\elouan\documents\sdk\mod_hl2\sp\src\game\gamepadui\release_mod_hl2\gamepadui_achievements.obj
c:\users\elouan\documents\sdk\mod_hl2\sp\src\game\gamepadui\release_mod_hl2\gamepadui_basepanel.obj
c:\users\elouan\documents\sdk\mod_hl2\sp\src\game\gamepadui\release_mod_hl2\gamepadui_button.obj
c:\users\elouan\documents\sdk\mod_hl2\sp\src\game\gamepadui\release_mod_hl2\gamepadui_frame.obj
c:\users\elouan\documents\sdk\mod_hl2\sp\src\game\gamepadui\release_mod_hl2\gamepadui_genericconfirmation.obj
c:\users\elouan\documents\sdk\mod_hl2\sp\src\game\gamepadui\release_mod_hl2\gamepadui_interface.obj
c:\users\elouan\documents\sdk\mod_hl2\sp\src\game\gamepadui\release_mod_hl2\gamepadui_mainmenu.obj
c:\users\elouan\documents\sdk\mod_hl2\sp\src\game\gamepadui\release_mod_hl2\gamepadui_newgame.obj
c:\users\elouan\documents\sdk\mod_hl2\sp\src\game\gamepadui\release_mod_hl2\gamepadui_options.obj
c:\users\elouan\documents\sdk\mod_hl2\sp\src\game\gamepadui\release_mod_hl2\gamepadui_savegame.obj
c:\users\elouan\documents\sdk\mod_hl2\sp\src\game\gamepadui\release_mod_hl2\gamepadui_util.obj
c:\users\elouan\documents\sdk\mod_hl2\sp\src\game\gamepadui\release_mod_hl2\language.obj
c:\users\elouan\documents\sdk\mod_hl2\sp\src\game\gamepadui\release_mod_hl2\memoverride.obj
c:\users\elouan\documents\sdk\mod_hl2\sp\src\game\gamepadui\release_mod_hl2\vgui_controls.obj
c:\users\elouan\documents\sdk\mod_hl2\sp\src\game\gamepadui\.\release_mod_hl2\gamepadui.dll
c:\users\elouan\documents\sdk\mod_hl2\sp\src\game\gamepadui\release_mod_hl2\gamepadui (hl2).tlog\cl.command.1.tlog
c:\users\elouan\documents\sdk\mod_hl2\sp\src\game\gamepadui\release_mod_hl2\gamepadui (hl2).tlog\cl.read.1.tlog
c:\users\elouan\documents\sdk\mod_hl2\sp\src\game\gamepadui\release_mod_hl2\gamepadui (hl2).tlog\cl.write.1.tlog
c:\users\elouan\documents\sdk\mod_hl2\sp\src\game\gamepadui\release_mod_hl2\gamepadui (hl2).tlog\custombuild.command.1.tlog
c:\users\elouan\documents\sdk\mod_hl2\sp\src\game\gamepadui\release_mod_hl2\gamepadui (hl2).tlog\custombuild.read.1.tlog
c:\users\elouan\documents\sdk\mod_hl2\sp\src\game\gamepadui\release_mod_hl2\gamepadui (hl2).tlog\custombuild.write.1.tlog
c:\users\elouan\documents\sdk\mod_hl2\sp\src\game\gamepadui\release_mod_hl2\gamepadui (hl2).tlog\gamepadui (hl2).write.1u.tlog
c:\users\elouan\documents\sdk\mod_hl2\sp\src\game\gamepadui\release_mod_hl2\gamepadui (hl2).tlog\link.command.1.tlog
c:\users\elouan\documents\sdk\mod_hl2\sp\src\game\gamepadui\release_mod_hl2\gamepadui (hl2).tlog\link.read.1.tlog
c:\users\elouan\documents\sdk\mod_hl2\sp\src\game\gamepadui\release_mod_hl2\gamepadui (hl2).tlog\link.write.1.tlog
