  basehlcombatweapon_shared.cpp
  hl2_gamerules.cpp
  hl_gamemovement.cpp
  handviewmodel_shared.cpp
  singleplayer_animstate.cpp
  MyBlockHandler.cpp
  ai_basenpc.cpp
c1xx : fatal error C1083: Cannot open source file: '..\shared\handviewmodel_shared.cpp': No such file or directory
  env_zoom.cpp
  func_tank.cpp
  grenade_molotov.cpp
  grenade_tripmine.cpp
  hl2_client.cpp
  hl2_player.cpp
  hl2_playerlocaldata.cpp
  hl2_triggers.cpp
  hl_playermove.cpp
c1xx : fatal error C1083: Cannot open source file: 'hl2\grenade_molotov.cpp': No such file or directory
  item_ammo.cpp
c1xx : fatal error C1083: Cannot open source file: '..\shared\singleplayer_animstate.cpp': No such file or directory
  item_battery.cpp
  item_healthkit.cpp
c1xx : fatal error C1083: Cannot open source file: 'hl2\grenade_tripmine.cpp': No such file or directory
  npc_barnacle.cpp
  npc_basescanner.cpp
  npc_citizen17.cpp
  npc_combine.cpp
  npc_combinecamera.cpp
  npc_combines.cpp
  npc_metropolice.cpp
  npc_scanner.cpp
  npc_turret_ceiling.cpp
  npc_turret_floor.cpp
  prop_combine_ball.cpp
  vehicle_cannon.cpp
  vehicle_crane.cpp
  vehicle_jeep.cpp
  vehicle_prisoner_pod.cpp
  vehicle_viewcontroller.cpp
  weapon_ar2.cpp
  weapon_immolator.cpp
c1xx : fatal error C1083: Cannot open source file: 'hl2\weapon_immolator.cpp': No such file or directory
  weapon_molotov.cpp
c1xx : fatal error C1083: Cannot open source file: 'hl2\weapon_molotov.cpp': No such file or directory
  weapon_physcannon.cpp
  triggers.cpp
  vehicle_baseserver.cpp
  vehicle_choreo_generic.cpp
