c:\users\elouan\documents\sdk\mod_hl2\sp\src\materialsystem\stdshaders\release_dx9_mod_episodic\vc120.pdb
c:\users\elouan\documents\sdk\mod_hl2\sp\src\materialsystem\stdshaders\release_dx9_mod_episodic\pointeroverride.obj
c:\users\elouan\documents\sdk\mod_hl2\sp\src\materialsystem\stdshaders\game_shader_dx9_episodic.vpc.sentinel
c:\users\elouan\documents\sdk\mod_hl2\sp\src\materialsystem\stdshaders\release_dx9_mod_episodic\game_shader_dx9.dll
c:\users\elouan\documents\sdk\mod_hl2\sp\src\materialsystem\stdshaders\release_dx9_mod_episodic\game_shader_dx9.pdb
c:\users\elouan\documents\sdk\mod_hl2\sp\src\materialsystem\stdshaders\release_dx9_mod_episodic\game_shader_dx9.lib
c:\users\elouan\documents\sdk\mod_hl2\sp\src\materialsystem\stdshaders\release_dx9_mod_episodic\game_shader_dx9.exp
c:\users\elouan\documents\sdk\mod_hl2\sp\src\materialsystem\stdshaders\release_dx9_mod_episodic\basevsshader.obj
c:\users\elouan\documents\sdk\mod_hl2\sp\src\materialsystem\stdshaders\release_dx9_mod_episodic\bloom.obj
c:\users\elouan\documents\sdk\mod_hl2\sp\src\materialsystem\stdshaders\release_dx9_mod_episodic\example_model_dx9.obj
c:\users\elouan\documents\sdk\mod_hl2\sp\src\materialsystem\stdshaders\release_dx9_mod_episodic\example_model_dx9_helper.obj
c:\users\elouan\documents\sdk\mod_hl2\sp\src\materialsystem\stdshaders\release_dx9_mod_episodic\memoverride.obj
c:\users\elouan\documents\sdk\mod_hl2\sp\src\materialsystem\stdshaders\release_dx9_mod_episodic\screenspace_general.obj
c:\users\elouan\documents\sdk\mod_hl2\sp\src\materialsystem\stdshaders\release_dx9_mod_episodic\shaders .73f37a6e.tlog\cl.command.1.tlog
c:\users\elouan\documents\sdk\mod_hl2\sp\src\materialsystem\stdshaders\release_dx9_mod_episodic\shaders .73f37a6e.tlog\cl.read.1.tlog
c:\users\elouan\documents\sdk\mod_hl2\sp\src\materialsystem\stdshaders\release_dx9_mod_episodic\shaders .73f37a6e.tlog\cl.write.1.tlog
c:\users\elouan\documents\sdk\mod_hl2\sp\src\materialsystem\stdshaders\release_dx9_mod_episodic\shaders .73f37a6e.tlog\custombuild.command.1.tlog
c:\users\elouan\documents\sdk\mod_hl2\sp\src\materialsystem\stdshaders\release_dx9_mod_episodic\shaders .73f37a6e.tlog\custombuild.read.1.tlog
c:\users\elouan\documents\sdk\mod_hl2\sp\src\materialsystem\stdshaders\release_dx9_mod_episodic\shaders .73f37a6e.tlog\custombuild.write.1.tlog
c:\users\elouan\documents\sdk\mod_hl2\sp\src\materialsystem\stdshaders\release_dx9_mod_episodic\shaders .73f37a6e.tlog\link.command.1.tlog
c:\users\elouan\documents\sdk\mod_hl2\sp\src\materialsystem\stdshaders\release_dx9_mod_episodic\shaders .73f37a6e.tlog\link.read.1.tlog
c:\users\elouan\documents\sdk\mod_hl2\sp\src\materialsystem\stdshaders\release_dx9_mod_episodic\shaders .73f37a6e.tlog\link.write.1.tlog
c:\users\elouan\documents\sdk\mod_hl2\sp\src\materialsystem\stdshaders\release_dx9_mod_episodic\shaders .73f37a6e.tlog\shaders (episodic).write.1u.tlog
