c:\users\elouan\documents\sdk\mod_hl2\sp\src\utils\vvis_launcher\debug\vvis_launcher.pch
c:\users\elouan\documents\sdk\mod_hl2\sp\src\utils\vvis_launcher\debug\vc120.pdb
c:\users\elouan\documents\sdk\mod_hl2\sp\src\utils\vvis_launcher\debug\vc120.idb
c:\users\elouan\documents\sdk\mod_hl2\sp\src\utils\vvis_launcher\debug\stdafx.obj
c:\users\elouan\documents\sdk\mod_hl2\sp\src\utils\vvis_launcher\debug\memoverride.obj
c:\users\elouan\documents\sdk\mod_hl2\sp\src\utils\vvis_launcher\debug\vvis_launcher.obj
c:\users\elouan\documents\sdk\mod_hl2\sp\src\utils\vvis_launcher\debug\pointeroverride.obj
c:\users\elouan\documents\sdk\mod_hl2\sp\src\utils\vvis_launcher\vvis_launcher.vpc.sentinel
c:\users\elouan\documents\sdk\mod_hl2\sp\src\utils\vvis_launcher\debug\vvis.ilk
c:\users\elouan\documents\sdk\mod_hl2\sp\src\utils\vvis_launcher\debug\vvis.exe
c:\users\elouan\documents\sdk\mod_hl2\sp\src\utils\vvis_launcher\debug\vvis.pdb
c:\users\elouan\documents\sdk\mod_hl2\sp\src\utils\vvis_launcher\debug\vvis.lib
c:\users\elouan\documents\sdk\mod_hl2\sp\src\utils\vvis_launcher\debug\vvis.exp
c:\users\elouan\documents\sdk\mod_hl2\sp\src\utils\vvis_launcher\.\debug\.\vvis.exe
c:\users\elouan\documents\sdk\mod_hl2\sp\src\utils\vvis_launcher\debug\vvis_launcher.tlog\cl.command.1.tlog
c:\users\elouan\documents\sdk\mod_hl2\sp\src\utils\vvis_launcher\debug\vvis_launcher.tlog\cl.read.1.tlog
c:\users\elouan\documents\sdk\mod_hl2\sp\src\utils\vvis_launcher\debug\vvis_launcher.tlog\cl.write.1.tlog
c:\users\elouan\documents\sdk\mod_hl2\sp\src\utils\vvis_launcher\debug\vvis_launcher.tlog\custombuild.command.1.tlog
c:\users\elouan\documents\sdk\mod_hl2\sp\src\utils\vvis_launcher\debug\vvis_launcher.tlog\custombuild.read.1.tlog
c:\users\elouan\documents\sdk\mod_hl2\sp\src\utils\vvis_launcher\debug\vvis_launcher.tlog\custombuild.write.1.tlog
c:\users\elouan\documents\sdk\mod_hl2\sp\src\utils\vvis_launcher\debug\vvis_launcher.tlog\link.command.1.tlog
c:\users\elouan\documents\sdk\mod_hl2\sp\src\utils\vvis_launcher\debug\vvis_launcher.tlog\link.read.1.tlog
c:\users\elouan\documents\sdk\mod_hl2\sp\src\utils\vvis_launcher\debug\vvis_launcher.tlog\link.write.1.tlog
c:\users\elouan\documents\sdk\mod_hl2\sp\src\utils\vvis_launcher\debug\vvis_launcher.tlog\vvis_launcher.write.1u.tlog
