c:\users\elouan\documents\sdk\mod_hl2\sp\src\utils\vvis\debug\cmdlib.obj
c:\users\elouan\documents\sdk\mod_hl2\sp\src\utils\vvis\debug\lumpfiles.obj
c:\users\elouan\documents\sdk\mod_hl2\sp\src\utils\vvis\debug\pacifier.obj
c:\users\elouan\documents\sdk\mod_hl2\sp\src\utils\vvis\debug\scratchpad3d.obj
c:\users\elouan\documents\sdk\mod_hl2\sp\src\utils\vvis\debug\tools_minidump.obj
c:\users\elouan\documents\sdk\mod_hl2\sp\src\utils\vvis\debug\vvis.obj
c:\users\elouan\documents\sdk\mod_hl2\sp\src\utils\vvis\debug\collisionutils.obj
c:\users\elouan\documents\sdk\mod_hl2\sp\src\utils\vvis\debug\flow.obj
c:\users\elouan\documents\sdk\mod_hl2\sp\src\utils\vvis\debug\mpivis.obj
c:\users\elouan\documents\sdk\mod_hl2\sp\src\utils\vvis\debug\threads.obj
c:\users\elouan\documents\sdk\mod_hl2\sp\src\utils\vvis\debug\zip_utils.obj
c:\users\elouan\documents\sdk\mod_hl2\sp\src\utils\vvis\debug\filesystem_helpers.obj
c:\users\elouan\documents\sdk\mod_hl2\sp\src\utils\vvis\debug\loadcmdline.obj
c:\users\elouan\documents\sdk\mod_hl2\sp\src\utils\vvis\debug\mpi_stats.obj
c:\users\elouan\documents\sdk\mod_hl2\sp\src\utils\vvis\debug\scratchpad_helpers.obj
c:\users\elouan\documents\sdk\mod_hl2\sp\src\utils\vvis\debug\vmpi_tools_shared.obj
c:\users\elouan\documents\sdk\mod_hl2\sp\src\utils\vvis\debug\bsplib.obj
c:\users\elouan\documents\sdk\mod_hl2\sp\src\utils\vvis\debug\mysqldatabase.obj
c:\users\elouan\documents\sdk\mod_hl2\sp\src\utils\vvis\debug\scriplib.obj
c:\users\elouan\documents\sdk\mod_hl2\sp\src\utils\vvis\debug\waterdist.obj
c:\users\elouan\documents\sdk\mod_hl2\sp\src\utils\vvis\debug\vc120.pdb
c:\users\elouan\documents\sdk\mod_hl2\sp\src\utils\vvis\debug\pointeroverride.obj
c:\users\elouan\documents\sdk\mod_hl2\sp\src\utils\vvis\vvis_dll.vpc.sentinel
c:\users\elouan\documents\sdk\mod_hl2\sp\src\utils\vvis\debug\vvis_dll.ilk
c:\users\elouan\documents\sdk\mod_hl2\sp\src\utils\vvis\debug\vvis_dll.dll
c:\users\elouan\documents\sdk\mod_hl2\sp\src\utils\vvis\debug\vvis_dll.pdb
c:\users\elouan\documents\sdk\mod_hl2\sp\src\utils\vvis\debug\vvis_dll.lib
c:\users\elouan\documents\sdk\mod_hl2\sp\src\utils\vvis\debug\vvis_dll.exp
c:\users\elouan\documents\sdk\mod_hl2\sp\src\utils\vvis\debug\vc120.idb
c:\users\elouan\documents\sdk\mod_hl2\sp\src\utils\vvis\.\debug\.\vvis_dll.dll
c:\users\elouan\documents\sdk\mod_hl2\sp\src\utils\vvis\debug\vvis_dll.tlog\cl.command.1.tlog
c:\users\elouan\documents\sdk\mod_hl2\sp\src\utils\vvis\debug\vvis_dll.tlog\cl.read.1.tlog
c:\users\elouan\documents\sdk\mod_hl2\sp\src\utils\vvis\debug\vvis_dll.tlog\cl.write.1.tlog
c:\users\elouan\documents\sdk\mod_hl2\sp\src\utils\vvis\debug\vvis_dll.tlog\custombuild.command.1.tlog
c:\users\elouan\documents\sdk\mod_hl2\sp\src\utils\vvis\debug\vvis_dll.tlog\custombuild.read.1.tlog
c:\users\elouan\documents\sdk\mod_hl2\sp\src\utils\vvis\debug\vvis_dll.tlog\custombuild.write.1.tlog
c:\users\elouan\documents\sdk\mod_hl2\sp\src\utils\vvis\debug\vvis_dll.tlog\link.command.1.tlog
c:\users\elouan\documents\sdk\mod_hl2\sp\src\utils\vvis\debug\vvis_dll.tlog\link.read.1.tlog
c:\users\elouan\documents\sdk\mod_hl2\sp\src\utils\vvis\debug\vvis_dll.tlog\link.write.1.tlog
c:\users\elouan\documents\sdk\mod_hl2\sp\src\utils\vvis\debug\vvis_dll.tlog\vvis_dll.write.1u.tlog
