c:\users\elouan\documents\sdk\mod_hl2\sp\src\utils\motionmapper\debug\filesystem_helpers.obj
c:\users\elouan\documents\sdk\mod_hl2\sp\src\utils\motionmapper\debug\memoverride.obj
c:\users\elouan\documents\sdk\mod_hl2\sp\src\utils\motionmapper\debug\cmdlib.obj
c:\users\elouan\documents\sdk\mod_hl2\sp\src\utils\motionmapper\debug\scriplib.obj
c:\users\elouan\documents\sdk\mod_hl2\sp\src\utils\motionmapper\debug\filesystem_init.obj
c:\users\elouan\documents\sdk\mod_hl2\sp\src\utils\motionmapper\debug\filesystem_tools.obj
c:\users\elouan\documents\sdk\mod_hl2\sp\src\utils\motionmapper\debug\motionmapper.obj
c:\users\elouan\documents\sdk\mod_hl2\sp\src\utils\motionmapper\debug\vc120.pdb
c:\users\elouan\documents\sdk\mod_hl2\sp\src\utils\motionmapper\debug\pointeroverride.obj
c:\users\elouan\documents\sdk\mod_hl2\sp\src\utils\motionmapper\motionmapper.vpc.sentinel
c:\users\elouan\documents\sdk\mod_hl2\sp\src\utils\motionmapper\debug\motionmapper.ilk
c:\users\elouan\documents\sdk\mod_hl2\sp\src\utils\motionmapper\debug\motionmapper.exe
c:\users\elouan\documents\sdk\mod_hl2\sp\src\utils\motionmapper\debug\motionmapper.pdb
c:\users\elouan\documents\sdk\mod_hl2\sp\src\utils\motionmapper\debug\motionmapper.lib
c:\users\elouan\documents\sdk\mod_hl2\sp\src\utils\motionmapper\debug\motionmapper.exp
c:\users\elouan\documents\sdk\mod_hl2\sp\src\utils\motionmapper\debug\vc120.idb
c:\users\elouan\documents\sdk\mod_hl2\sp\src\utils\motionmapper\.\debug\.\motionmapper.exe
c:\users\elouan\documents\sdk\mod_hl2\sp\src\utils\motionmapper\debug\motionmapper.tlog\cl.command.1.tlog
c:\users\elouan\documents\sdk\mod_hl2\sp\src\utils\motionmapper\debug\motionmapper.tlog\cl.read.1.tlog
c:\users\elouan\documents\sdk\mod_hl2\sp\src\utils\motionmapper\debug\motionmapper.tlog\cl.write.1.tlog
c:\users\elouan\documents\sdk\mod_hl2\sp\src\utils\motionmapper\debug\motionmapper.tlog\custombuild.command.1.tlog
c:\users\elouan\documents\sdk\mod_hl2\sp\src\utils\motionmapper\debug\motionmapper.tlog\custombuild.read.1.tlog
c:\users\elouan\documents\sdk\mod_hl2\sp\src\utils\motionmapper\debug\motionmapper.tlog\custombuild.write.1.tlog
c:\users\elouan\documents\sdk\mod_hl2\sp\src\utils\motionmapper\debug\motionmapper.tlog\link.command.1.tlog
c:\users\elouan\documents\sdk\mod_hl2\sp\src\utils\motionmapper\debug\motionmapper.tlog\link.read.1.tlog
c:\users\elouan\documents\sdk\mod_hl2\sp\src\utils\motionmapper\debug\motionmapper.tlog\link.write.1.tlog
c:\users\elouan\documents\sdk\mod_hl2\sp\src\utils\motionmapper\debug\motionmapper.tlog\motionmapper.write.1u.tlog
