c:\users\elouan\documents\sdk\mod_hl2\sp\src\utils\vvis\release\vc120.pdb
c:\users\elouan\documents\sdk\mod_hl2\sp\src\utils\vvis\release\pointeroverride.obj
c:\users\elouan\documents\sdk\mod_hl2\sp\src\utils\vvis\vvis_dll.vpc.sentinel
c:\users\elouan\documents\sdk\mod_hl2\sp\src\utils\vvis\release\vvis_dll.dll
c:\users\elouan\documents\sdk\mod_hl2\sp\src\utils\vvis\release\vvis_dll.pdb
c:\users\elouan\documents\sdk\mod_hl2\sp\src\utils\vvis\release\vvis_dll.lib
c:\users\elouan\documents\sdk\mod_hl2\sp\src\utils\vvis\release\vvis_dll.exp
c:\users\elouan\documents\sdk\mod_hl2\sp\src\utils\vvis\release\bsplib.obj
c:\users\elouan\documents\sdk\mod_hl2\sp\src\utils\vvis\release\cmdlib.obj
c:\users\elouan\documents\sdk\mod_hl2\sp\src\utils\vvis\release\collisionutils.obj
c:\users\elouan\documents\sdk\mod_hl2\sp\src\utils\vvis\release\filesystem_helpers.obj
c:\users\elouan\documents\sdk\mod_hl2\sp\src\utils\vvis\release\flow.obj
c:\users\elouan\documents\sdk\mod_hl2\sp\src\utils\vvis\release\loadcmdline.obj
c:\users\elouan\documents\sdk\mod_hl2\sp\src\utils\vvis\release\lumpfiles.obj
c:\users\elouan\documents\sdk\mod_hl2\sp\src\utils\vvis\release\mpivis.obj
c:\users\elouan\documents\sdk\mod_hl2\sp\src\utils\vvis\release\mpi_stats.obj
c:\users\elouan\documents\sdk\mod_hl2\sp\src\utils\vvis\release\mysqldatabase.obj
c:\users\elouan\documents\sdk\mod_hl2\sp\src\utils\vvis\release\pacifier.obj
c:\users\elouan\documents\sdk\mod_hl2\sp\src\utils\vvis\release\scratchpad3d.obj
c:\users\elouan\documents\sdk\mod_hl2\sp\src\utils\vvis\release\scratchpad_helpers.obj
c:\users\elouan\documents\sdk\mod_hl2\sp\src\utils\vvis\release\scriplib.obj
c:\users\elouan\documents\sdk\mod_hl2\sp\src\utils\vvis\release\threads.obj
c:\users\elouan\documents\sdk\mod_hl2\sp\src\utils\vvis\release\tools_minidump.obj
c:\users\elouan\documents\sdk\mod_hl2\sp\src\utils\vvis\release\vmpi_tools_shared.obj
c:\users\elouan\documents\sdk\mod_hl2\sp\src\utils\vvis\release\vvis.obj
c:\users\elouan\documents\sdk\mod_hl2\sp\src\utils\vvis\release\waterdist.obj
c:\users\elouan\documents\sdk\mod_hl2\sp\src\utils\vvis\release\zip_utils.obj
c:\users\elouan\documents\sdk\mod_hl2\sp\src\utils\vvis\.\release\.\vvis_dll.dll
c:\users\elouan\documents\sdk\mod_hl2\sp\src\utils\vvis\release\vvis_dll.tlog\cl.command.1.tlog
c:\users\elouan\documents\sdk\mod_hl2\sp\src\utils\vvis\release\vvis_dll.tlog\cl.read.1.tlog
c:\users\elouan\documents\sdk\mod_hl2\sp\src\utils\vvis\release\vvis_dll.tlog\cl.write.1.tlog
c:\users\elouan\documents\sdk\mod_hl2\sp\src\utils\vvis\release\vvis_dll.tlog\custombuild.command.1.tlog
c:\users\elouan\documents\sdk\mod_hl2\sp\src\utils\vvis\release\vvis_dll.tlog\custombuild.read.1.tlog
c:\users\elouan\documents\sdk\mod_hl2\sp\src\utils\vvis\release\vvis_dll.tlog\custombuild.write.1.tlog
c:\users\elouan\documents\sdk\mod_hl2\sp\src\utils\vvis\release\vvis_dll.tlog\link.command.1.tlog
c:\users\elouan\documents\sdk\mod_hl2\sp\src\utils\vvis\release\vvis_dll.tlog\link.read.1.tlog
c:\users\elouan\documents\sdk\mod_hl2\sp\src\utils\vvis\release\vvis_dll.tlog\link.write.1.tlog
c:\users\elouan\documents\sdk\mod_hl2\sp\src\utils\vvis\release\vvis_dll.tlog\vvis_dll.write.1u.tlog
