  collisionutils.cpp
  filesystem_helpers.cpp
  loadcmdline.cpp
  lumpfiles.cpp
  scratchpad3d.cpp
  zip_utils.cpp
  MySqlDatabase.cpp
  bsplib.cpp
  cmdlib.cpp
  mpi_stats.cpp
  pacifier.cpp
  scratchpad_helpers.cpp
  scriplib.cpp
  threads.cpp
  tools_minidump.cpp
  vmpi_tools_shared.cpp
  WaterDist.cpp
  flow.cpp
  mpivis.cpp
  vvis.cpp
     Creating library .\Release\.\vvis_dll.lib and object .\Release\.\vvis_dll.exp
  vvis_dll.vcxproj -> C:\Users\Elouan\Documents\sdk\mod_hl2\sp\src\utils\vvis\.\Release\.\vvis_dll.dll
          1 fichier(s) copié(s).
          1 fichier(s) copié(s).
