c:\users\elouan\documents\sdk\mod_hl2\sp\src\utils\vrad\debug\bsptreedata.obj
c:\users\elouan\documents\sdk\mod_hl2\sp\src\utils\vrad\debug\incremental.obj
c:\users\elouan\documents\sdk\mod_hl2\sp\src\utils\vrad\debug\lumpfiles.obj
c:\users\elouan\documents\sdk\mod_hl2\sp\src\utils\vrad\debug\mysqldatabase.obj
c:\users\elouan\documents\sdk\mod_hl2\sp\src\utils\vrad\debug\radial.obj
c:\users\elouan\documents\sdk\mod_hl2\sp\src\utils\vrad\debug\vismat.obj
c:\users\elouan\documents\sdk\mod_hl2\sp\src\utils\vrad\debug\vraddisps.obj
c:\users\elouan\documents\sdk\mod_hl2\sp\src\utils\vrad\debug\bsplib.obj
c:\users\elouan\documents\sdk\mod_hl2\sp\src\utils\vrad\debug\polylib.obj
c:\users\elouan\documents\sdk\mod_hl2\sp\src\utils\vrad\debug\threads.obj
c:\users\elouan\documents\sdk\mod_hl2\sp\src\utils\vrad\debug\scratchpadutils.obj
c:\users\elouan\documents\sdk\mod_hl2\sp\src\utils\vrad\debug\disp_vrad.obj
c:\users\elouan\documents\sdk\mod_hl2\sp\src\utils\vrad\debug\lightmap.obj
c:\users\elouan\documents\sdk\mod_hl2\sp\src\utils\vrad\debug\macro_texture.obj
c:\users\elouan\documents\sdk\mod_hl2\sp\src\utils\vrad\debug\pacifier.obj
c:\users\elouan\documents\sdk\mod_hl2\sp\src\utils\vrad\debug\physdll.obj
c:\users\elouan\documents\sdk\mod_hl2\sp\src\utils\vrad\debug\trace.obj
c:\users\elouan\documents\sdk\mod_hl2\sp\src\utils\vrad\debug\vrad_dispcoll.obj
c:\users\elouan\documents\sdk\mod_hl2\sp\src\utils\vrad\debug\vradstaticprops.obj
c:\users\elouan\documents\sdk\mod_hl2\sp\src\utils\vrad\debug\cmdlib.obj
c:\users\elouan\documents\sdk\mod_hl2\sp\src\utils\vrad\debug\scriplib.obj
c:\users\elouan\documents\sdk\mod_hl2\sp\src\utils\vrad\debug\scratchpad3d.obj
c:\users\elouan\documents\sdk\mod_hl2\sp\src\utils\vrad\debug\disp_common.obj
c:\users\elouan\documents\sdk\mod_hl2\sp\src\utils\vrad\debug\leaf_ambient_lighting.obj
c:\users\elouan\documents\sdk\mod_hl2\sp\src\utils\vrad\debug\memoverride.obj
c:\users\elouan\documents\sdk\mod_hl2\sp\src\utils\vrad\debug\mpivrad.obj
c:\users\elouan\documents\sdk\mod_hl2\sp\src\utils\vrad\debug\utilmatlib.obj
c:\users\elouan\documents\sdk\mod_hl2\sp\src\utils\vrad\debug\vrad.obj
c:\users\elouan\documents\sdk\mod_hl2\sp\src\utils\vrad\debug\vraddll.obj
c:\users\elouan\documents\sdk\mod_hl2\sp\src\utils\vrad\debug\chunkfile.obj
c:\users\elouan\documents\sdk\mod_hl2\sp\src\utils\vrad\debug\map_shared.obj
c:\users\elouan\documents\sdk\mod_hl2\sp\src\utils\vrad\debug\filesystem_helpers.obj
c:\users\elouan\documents\sdk\mod_hl2\sp\src\utils\vrad\debug\disp_powerinfo.obj
c:\users\elouan\documents\sdk\mod_hl2\sp\src\utils\vrad\debug\imagepacker.obj
c:\users\elouan\documents\sdk\mod_hl2\sp\src\utils\vrad\debug\loadcmdline.obj
c:\users\elouan\documents\sdk\mod_hl2\sp\src\utils\vrad\debug\mpi_stats.obj
c:\users\elouan\documents\sdk\mod_hl2\sp\src\utils\vrad\debug\samplehash.obj
c:\users\elouan\documents\sdk\mod_hl2\sp\src\utils\vrad\debug\vmpi_tools_shared.obj
c:\users\elouan\documents\sdk\mod_hl2\sp\src\utils\vrad\debug\vraddetailprops.obj
c:\users\elouan\documents\sdk\mod_hl2\sp\src\utils\vrad\debug\zip_utils.obj
c:\users\elouan\documents\sdk\mod_hl2\sp\src\utils\vrad\debug\builddisp.obj
c:\users\elouan\documents\sdk\mod_hl2\sp\src\utils\vrad\debug\dispcoll_common.obj
c:\users\elouan\documents\sdk\mod_hl2\sp\src\utils\vrad\debug\tools_minidump.obj
c:\users\elouan\documents\sdk\mod_hl2\sp\src\utils\vrad\debug\collisionutils.obj
c:\users\elouan\documents\sdk\mod_hl2\sp\src\utils\vrad\debug\vc120.pdb
c:\users\elouan\documents\sdk\mod_hl2\sp\src\utils\vrad\debug\pointeroverride.obj
c:\users\elouan\documents\sdk\mod_hl2\sp\src\utils\vrad\vrad_dll.vpc.sentinel
c:\users\elouan\documents\sdk\mod_hl2\sp\src\utils\vrad\debug\vrad_dll.ilk
c:\users\elouan\documents\sdk\mod_hl2\sp\src\utils\vrad\debug\vrad_dll.dll
c:\users\elouan\documents\sdk\mod_hl2\sp\src\utils\vrad\debug\vrad_dll.pdb
c:\users\elouan\documents\sdk\mod_hl2\sp\src\utils\vrad\debug\vrad_dll.lib
c:\users\elouan\documents\sdk\mod_hl2\sp\src\utils\vrad\debug\vrad_dll.exp
c:\users\elouan\documents\sdk\mod_hl2\sp\src\utils\vrad\debug\vc120.idb
c:\users\elouan\documents\sdk\mod_hl2\sp\src\utils\vrad\.\debug\.\vrad_dll.dll
c:\users\elouan\documents\sdk\mod_hl2\sp\src\utils\vrad\debug\vrad_dll.tlog\cl.command.1.tlog
c:\users\elouan\documents\sdk\mod_hl2\sp\src\utils\vrad\debug\vrad_dll.tlog\cl.read.1.tlog
c:\users\elouan\documents\sdk\mod_hl2\sp\src\utils\vrad\debug\vrad_dll.tlog\cl.write.1.tlog
c:\users\elouan\documents\sdk\mod_hl2\sp\src\utils\vrad\debug\vrad_dll.tlog\custombuild.command.1.tlog
c:\users\elouan\documents\sdk\mod_hl2\sp\src\utils\vrad\debug\vrad_dll.tlog\custombuild.read.1.tlog
c:\users\elouan\documents\sdk\mod_hl2\sp\src\utils\vrad\debug\vrad_dll.tlog\custombuild.write.1.tlog
c:\users\elouan\documents\sdk\mod_hl2\sp\src\utils\vrad\debug\vrad_dll.tlog\link.command.1.tlog
c:\users\elouan\documents\sdk\mod_hl2\sp\src\utils\vrad\debug\vrad_dll.tlog\link.read.1.tlog
c:\users\elouan\documents\sdk\mod_hl2\sp\src\utils\vrad\debug\vrad_dll.tlog\link.write.1.tlog
c:\users\elouan\documents\sdk\mod_hl2\sp\src\utils\vrad\debug\vrad_dll.tlog\vrad_dll.write.1u.tlog
