c:\users\elouan\documents\sdk\mod_hl2\sp\src\utils\vtf2tga\debug\vtf2tga.obj
c:\users\elouan\documents\sdk\mod_hl2\sp\src\utils\vtf2tga\debug\memoverride.obj
c:\users\elouan\documents\sdk\mod_hl2\sp\src\utils\vtf2tga\debug\vc120.pdb
c:\users\elouan\documents\sdk\mod_hl2\sp\src\utils\vtf2tga\debug\pointeroverride.obj
c:\users\elouan\documents\sdk\mod_hl2\sp\src\utils\vtf2tga\vtf2tga.vpc.sentinel
c:\users\elouan\documents\sdk\mod_hl2\sp\src\utils\vtf2tga\debug\vtf2tga.ilk
c:\users\elouan\documents\sdk\mod_hl2\sp\src\utils\vtf2tga\debug\vtf2tga.exe
c:\users\elouan\documents\sdk\mod_hl2\sp\src\utils\vtf2tga\debug\vtf2tga.pdb
c:\users\elouan\documents\sdk\mod_hl2\sp\src\utils\vtf2tga\debug\vtf2tga.lib
c:\users\elouan\documents\sdk\mod_hl2\sp\src\utils\vtf2tga\debug\vtf2tga.exp
c:\users\elouan\documents\sdk\mod_hl2\sp\src\utils\vtf2tga\debug\vc120.idb
c:\users\elouan\documents\sdk\mod_hl2\sp\src\utils\vtf2tga\.\debug\.\vtf2tga.exe
c:\users\elouan\documents\sdk\mod_hl2\sp\src\utils\vtf2tga\debug\vtf2tga.tlog\cl.command.1.tlog
c:\users\elouan\documents\sdk\mod_hl2\sp\src\utils\vtf2tga\debug\vtf2tga.tlog\cl.read.1.tlog
c:\users\elouan\documents\sdk\mod_hl2\sp\src\utils\vtf2tga\debug\vtf2tga.tlog\cl.write.1.tlog
c:\users\elouan\documents\sdk\mod_hl2\sp\src\utils\vtf2tga\debug\vtf2tga.tlog\custombuild.command.1.tlog
c:\users\elouan\documents\sdk\mod_hl2\sp\src\utils\vtf2tga\debug\vtf2tga.tlog\custombuild.read.1.tlog
c:\users\elouan\documents\sdk\mod_hl2\sp\src\utils\vtf2tga\debug\vtf2tga.tlog\custombuild.write.1.tlog
c:\users\elouan\documents\sdk\mod_hl2\sp\src\utils\vtf2tga\debug\vtf2tga.tlog\link.command.1.tlog
c:\users\elouan\documents\sdk\mod_hl2\sp\src\utils\vtf2tga\debug\vtf2tga.tlog\link.read.1.tlog
c:\users\elouan\documents\sdk\mod_hl2\sp\src\utils\vtf2tga\debug\vtf2tga.tlog\link.write.1.tlog
c:\users\elouan\documents\sdk\mod_hl2\sp\src\utils\vtf2tga\debug\vtf2tga.tlog\vtf2tga.write.1u.tlog
