c:\users\elouan\documents\sdk\mod_hl2\sp\src\game\gamepadui\release_mod_episodic\vc120.pdb
c:\users\elouan\documents\sdk\mod_hl2\sp\src\game\gamepadui\release_mod_episodic\pointeroverride.obj
c:\users\elouan\documents\sdk\mod_hl2\sp\src\game\gamepadui\gamepadui_episodic.vpc.sentinel
c:\users\elouan\documents\sdk\mod_hl2\sp\src\game\gamepadui\release_mod_episodic\gamepadui.lib
c:\users\elouan\documents\sdk\mod_hl2\sp\src\game\gamepadui\release_mod_episodic\gamepadui.exp
c:\users\elouan\documents\sdk\mod_hl2\sp\src\game\gamepadui\release_mod_episodic\gamepadui.dll
c:\users\elouan\documents\sdk\mod_hl2\sp\src\game\gamepadui\release_mod_episodic\gamepadui.pdb
c:\users\elouan\documents\sdk\mod_hl2\sp\src\game\gamepadui\release_mod_episodic\gamepadui_achievements.obj
c:\users\elouan\documents\sdk\mod_hl2\sp\src\game\gamepadui\release_mod_episodic\gamepadui_basepanel.obj
c:\users\elouan\documents\sdk\mod_hl2\sp\src\game\gamepadui\release_mod_episodic\gamepadui_button.obj
c:\users\elouan\documents\sdk\mod_hl2\sp\src\game\gamepadui\release_mod_episodic\gamepadui_frame.obj
c:\users\elouan\documents\sdk\mod_hl2\sp\src\game\gamepadui\release_mod_episodic\gamepadui_genericconfirmation.obj
c:\users\elouan\documents\sdk\mod_hl2\sp\src\game\gamepadui\release_mod_episodic\gamepadui_interface.obj
c:\users\elouan\documents\sdk\mod_hl2\sp\src\game\gamepadui\release_mod_episodic\gamepadui_mainmenu.obj
c:\users\elouan\documents\sdk\mod_hl2\sp\src\game\gamepadui\release_mod_episodic\gamepadui_newgame.obj
c:\users\elouan\documents\sdk\mod_hl2\sp\src\game\gamepadui\release_mod_episodic\gamepadui_options.obj
c:\users\elouan\documents\sdk\mod_hl2\sp\src\game\gamepadui\release_mod_episodic\gamepadui_savegame.obj
c:\users\elouan\documents\sdk\mod_hl2\sp\src\game\gamepadui\release_mod_episodic\gamepadui_util.obj
c:\users\elouan\documents\sdk\mod_hl2\sp\src\game\gamepadui\release_mod_episodic\language.obj
c:\users\elouan\documents\sdk\mod_hl2\sp\src\game\gamepadui\release_mod_episodic\memoverride.obj
c:\users\elouan\documents\sdk\mod_hl2\sp\src\game\gamepadui\release_mod_episodic\vgui_controls.obj
c:\users\elouan\documents\sdk\mod_hl2\sp\src\game\gamepadui\.\release_mod_episodic\gamepadui.dll
c:\users\elouan\documents\sdk\mod_hl2\sp\src\game\gamepadui\release_mod_episodic\gamepadu.29434531.tlog\cl.command.1.tlog
c:\users\elouan\documents\sdk\mod_hl2\sp\src\game\gamepadui\release_mod_episodic\gamepadu.29434531.tlog\cl.read.1.tlog
c:\users\elouan\documents\sdk\mod_hl2\sp\src\game\gamepadui\release_mod_episodic\gamepadu.29434531.tlog\cl.write.1.tlog
c:\users\elouan\documents\sdk\mod_hl2\sp\src\game\gamepadui\release_mod_episodic\gamepadu.29434531.tlog\custombuild.command.1.tlog
c:\users\elouan\documents\sdk\mod_hl2\sp\src\game\gamepadui\release_mod_episodic\gamepadu.29434531.tlog\custombuild.read.1.tlog
c:\users\elouan\documents\sdk\mod_hl2\sp\src\game\gamepadui\release_mod_episodic\gamepadu.29434531.tlog\custombuild.write.1.tlog
c:\users\elouan\documents\sdk\mod_hl2\sp\src\game\gamepadui\release_mod_episodic\gamepadu.29434531.tlog\gamepadui (episodic).write.1u.tlog
c:\users\elouan\documents\sdk\mod_hl2\sp\src\game\gamepadui\release_mod_episodic\gamepadu.29434531.tlog\link.command.1.tlog
c:\users\elouan\documents\sdk\mod_hl2\sp\src\game\gamepadui\release_mod_episodic\gamepadu.29434531.tlog\link.read.1.tlog
c:\users\elouan\documents\sdk\mod_hl2\sp\src\game\gamepadui\release_mod_episodic\gamepadu.29434531.tlog\link.write.1.tlog
