c:\users\elouan\documents\sdk\mod_hl2\sp\src\utils\vrad_launcher\debug\vrad_launcher.pch
c:\users\elouan\documents\sdk\mod_hl2\sp\src\utils\vrad_launcher\debug\vc120.pdb
c:\users\elouan\documents\sdk\mod_hl2\sp\src\utils\vrad_launcher\debug\vc120.idb
c:\users\elouan\documents\sdk\mod_hl2\sp\src\utils\vrad_launcher\debug\stdafx.obj
c:\users\elouan\documents\sdk\mod_hl2\sp\src\utils\vrad_launcher\debug\vrad_launcher.obj
c:\users\elouan\documents\sdk\mod_hl2\sp\src\utils\vrad_launcher\debug\pointeroverride.obj
c:\users\elouan\documents\sdk\mod_hl2\sp\src\utils\vrad_launcher\vrad_launcher.vpc.sentinel
c:\users\elouan\documents\sdk\mod_hl2\sp\src\utils\vrad_launcher\debug\vrad.ilk
c:\users\elouan\documents\sdk\mod_hl2\sp\src\utils\vrad_launcher\debug\vrad.exe
c:\users\elouan\documents\sdk\mod_hl2\sp\src\utils\vrad_launcher\debug\vrad.pdb
c:\users\elouan\documents\sdk\mod_hl2\sp\src\utils\vrad_launcher\debug\vrad.lib
c:\users\elouan\documents\sdk\mod_hl2\sp\src\utils\vrad_launcher\debug\vrad.exp
c:\users\elouan\documents\sdk\mod_hl2\sp\src\utils\vrad_launcher\.\debug\.\vrad.exe
c:\users\elouan\documents\sdk\mod_hl2\sp\src\utils\vrad_launcher\debug\vrad_launcher.tlog\cl.command.1.tlog
c:\users\elouan\documents\sdk\mod_hl2\sp\src\utils\vrad_launcher\debug\vrad_launcher.tlog\cl.read.1.tlog
c:\users\elouan\documents\sdk\mod_hl2\sp\src\utils\vrad_launcher\debug\vrad_launcher.tlog\cl.write.1.tlog
c:\users\elouan\documents\sdk\mod_hl2\sp\src\utils\vrad_launcher\debug\vrad_launcher.tlog\custombuild.command.1.tlog
c:\users\elouan\documents\sdk\mod_hl2\sp\src\utils\vrad_launcher\debug\vrad_launcher.tlog\custombuild.read.1.tlog
c:\users\elouan\documents\sdk\mod_hl2\sp\src\utils\vrad_launcher\debug\vrad_launcher.tlog\custombuild.write.1.tlog
c:\users\elouan\documents\sdk\mod_hl2\sp\src\utils\vrad_launcher\debug\vrad_launcher.tlog\link.command.1.tlog
c:\users\elouan\documents\sdk\mod_hl2\sp\src\utils\vrad_launcher\debug\vrad_launcher.tlog\link.read.1.tlog
c:\users\elouan\documents\sdk\mod_hl2\sp\src\utils\vrad_launcher\debug\vrad_launcher.tlog\link.write.1.tlog
c:\users\elouan\documents\sdk\mod_hl2\sp\src\utils\vrad_launcher\debug\vrad_launcher.tlog\vrad_launcher.write.1u.tlog
