c:\users\elouan\documents\sdk\mod_hl2\sp\src\materialsystem\stdshaders\release_dx9_mod_hl2\vc120.pdb
c:\users\elouan\documents\sdk\mod_hl2\sp\src\materialsystem\stdshaders\release_dx9_mod_hl2\pointeroverride.obj
c:\users\elouan\documents\sdk\mod_hl2\sp\src\materialsystem\stdshaders\game_shader_dx9_hl2.vpc.sentinel
c:\users\elouan\documents\sdk\mod_hl2\sp\src\materialsystem\stdshaders\release_dx9_mod_hl2\game_shader_dx9.dll
c:\users\elouan\documents\sdk\mod_hl2\sp\src\materialsystem\stdshaders\release_dx9_mod_hl2\game_shader_dx9.pdb
c:\users\elouan\documents\sdk\mod_hl2\sp\src\materialsystem\stdshaders\release_dx9_mod_hl2\game_shader_dx9.lib
c:\users\elouan\documents\sdk\mod_hl2\sp\src\materialsystem\stdshaders\release_dx9_mod_hl2\game_shader_dx9.exp
c:\users\elouan\documents\sdk\mod_hl2\sp\src\materialsystem\stdshaders\release_dx9_mod_hl2\basevsshader.obj
c:\users\elouan\documents\sdk\mod_hl2\sp\src\materialsystem\stdshaders\release_dx9_mod_hl2\bloom.obj
c:\users\elouan\documents\sdk\mod_hl2\sp\src\materialsystem\stdshaders\release_dx9_mod_hl2\example_model_dx9.obj
c:\users\elouan\documents\sdk\mod_hl2\sp\src\materialsystem\stdshaders\release_dx9_mod_hl2\example_model_dx9_helper.obj
c:\users\elouan\documents\sdk\mod_hl2\sp\src\materialsystem\stdshaders\release_dx9_mod_hl2\memoverride.obj
c:\users\elouan\documents\sdk\mod_hl2\sp\src\materialsystem\stdshaders\release_dx9_mod_hl2\screenspace_general.obj
c:\users\elouan\documents\sdk\mod_hl2\sp\src\materialsystem\stdshaders\release_dx9_mod_hl2\shaders (hl2).tlog\cl.command.1.tlog
c:\users\elouan\documents\sdk\mod_hl2\sp\src\materialsystem\stdshaders\release_dx9_mod_hl2\shaders (hl2).tlog\cl.read.1.tlog
c:\users\elouan\documents\sdk\mod_hl2\sp\src\materialsystem\stdshaders\release_dx9_mod_hl2\shaders (hl2).tlog\cl.write.1.tlog
c:\users\elouan\documents\sdk\mod_hl2\sp\src\materialsystem\stdshaders\release_dx9_mod_hl2\shaders (hl2).tlog\custombuild.command.1.tlog
c:\users\elouan\documents\sdk\mod_hl2\sp\src\materialsystem\stdshaders\release_dx9_mod_hl2\shaders (hl2).tlog\custombuild.read.1.tlog
c:\users\elouan\documents\sdk\mod_hl2\sp\src\materialsystem\stdshaders\release_dx9_mod_hl2\shaders (hl2).tlog\custombuild.write.1.tlog
c:\users\elouan\documents\sdk\mod_hl2\sp\src\materialsystem\stdshaders\release_dx9_mod_hl2\shaders (hl2).tlog\link.command.1.tlog
c:\users\elouan\documents\sdk\mod_hl2\sp\src\materialsystem\stdshaders\release_dx9_mod_hl2\shaders (hl2).tlog\link.read.1.tlog
c:\users\elouan\documents\sdk\mod_hl2\sp\src\materialsystem\stdshaders\release_dx9_mod_hl2\shaders (hl2).tlog\link.write.1.tlog
c:\users\elouan\documents\sdk\mod_hl2\sp\src\materialsystem\stdshaders\release_dx9_mod_hl2\shaders (hl2).tlog\shaders (hl2).write.1u.tlog
