c:\users\elouan\documents\sdk\mod_hl2\sp\src\utils\height2normal\debug\vc120.pdb
c:\users\elouan\documents\sdk\mod_hl2\sp\src\utils\height2normal\debug\vc120.idb
c:\users\elouan\documents\sdk\mod_hl2\sp\src\utils\height2normal\debug\height2normal.obj
c:\users\elouan\documents\sdk\mod_hl2\sp\src\utils\height2normal\debug\pointeroverride.obj
c:\users\elouan\documents\sdk\mod_hl2\sp\src\utils\height2normal\height2normal.vpc.sentinel
c:\users\elouan\documents\sdk\mod_hl2\sp\src\utils\height2normal\debug\height2normal.lib
c:\users\elouan\documents\sdk\mod_hl2\sp\src\utils\height2normal\debug\height2normal.exp
c:\users\elouan\documents\sdk\mod_hl2\sp\src\utils\height2normal\debug\height2normal.ilk
c:\users\elouan\documents\sdk\mod_hl2\sp\src\utils\height2normal\debug\height2normal.exe
c:\users\elouan\documents\sdk\mod_hl2\sp\src\utils\height2normal\debug\height2normal.pdb
c:\users\elouan\documents\sdk\mod_hl2\sp\src\utils\height2normal\.\debug\.\height2normal.exe
c:\users\elouan\documents\sdk\mod_hl2\sp\src\utils\height2normal\debug\height2normal.tlog\cl.command.1.tlog
c:\users\elouan\documents\sdk\mod_hl2\sp\src\utils\height2normal\debug\height2normal.tlog\cl.read.1.tlog
c:\users\elouan\documents\sdk\mod_hl2\sp\src\utils\height2normal\debug\height2normal.tlog\cl.write.1.tlog
c:\users\elouan\documents\sdk\mod_hl2\sp\src\utils\height2normal\debug\height2normal.tlog\custombuild.command.1.tlog
c:\users\elouan\documents\sdk\mod_hl2\sp\src\utils\height2normal\debug\height2normal.tlog\custombuild.read.1.tlog
c:\users\elouan\documents\sdk\mod_hl2\sp\src\utils\height2normal\debug\height2normal.tlog\custombuild.write.1.tlog
c:\users\elouan\documents\sdk\mod_hl2\sp\src\utils\height2normal\debug\height2normal.tlog\height2normal.write.1u.tlog
c:\users\elouan\documents\sdk\mod_hl2\sp\src\utils\height2normal\debug\height2normal.tlog\link.command.1.tlog
c:\users\elouan\documents\sdk\mod_hl2\sp\src\utils\height2normal\debug\height2normal.tlog\link.read.1.tlog
c:\users\elouan\documents\sdk\mod_hl2\sp\src\utils\height2normal\debug\height2normal.tlog\link.write.1.tlog
