c:\users\elouan\documents\sdk\mod_hl2\sp\src\utils\tgadiff\debug\memoverride.obj
c:\users\elouan\documents\sdk\mod_hl2\sp\src\utils\tgadiff\debug\tgadiff.obj
c:\users\elouan\documents\sdk\mod_hl2\sp\src\utils\tgadiff\debug\vc120.pdb
c:\users\elouan\documents\sdk\mod_hl2\sp\src\utils\tgadiff\debug\pointeroverride.obj
c:\users\elouan\documents\sdk\mod_hl2\sp\src\utils\tgadiff\tgadiff.vpc.sentinel
c:\users\elouan\documents\sdk\mod_hl2\sp\src\utils\tgadiff\debug\tgadiff.ilk
c:\users\elouan\documents\sdk\mod_hl2\sp\src\utils\tgadiff\debug\tgadiff.exe
c:\users\elouan\documents\sdk\mod_hl2\sp\src\utils\tgadiff\debug\tgadiff.pdb
c:\users\elouan\documents\sdk\mod_hl2\sp\src\utils\tgadiff\debug\tgadiff.lib
c:\users\elouan\documents\sdk\mod_hl2\sp\src\utils\tgadiff\debug\tgadiff.exp
c:\users\elouan\documents\sdk\mod_hl2\sp\src\utils\tgadiff\debug\vc120.idb
c:\users\elouan\documents\sdk\mod_hl2\sp\src\utils\tgadiff\.\debug\.\tgadiff.exe
c:\users\elouan\documents\sdk\mod_hl2\sp\src\utils\tgadiff\debug\tgadiff.tlog\cl.command.1.tlog
c:\users\elouan\documents\sdk\mod_hl2\sp\src\utils\tgadiff\debug\tgadiff.tlog\cl.read.1.tlog
c:\users\elouan\documents\sdk\mod_hl2\sp\src\utils\tgadiff\debug\tgadiff.tlog\cl.write.1.tlog
c:\users\elouan\documents\sdk\mod_hl2\sp\src\utils\tgadiff\debug\tgadiff.tlog\custombuild.command.1.tlog
c:\users\elouan\documents\sdk\mod_hl2\sp\src\utils\tgadiff\debug\tgadiff.tlog\custombuild.read.1.tlog
c:\users\elouan\documents\sdk\mod_hl2\sp\src\utils\tgadiff\debug\tgadiff.tlog\custombuild.write.1.tlog
c:\users\elouan\documents\sdk\mod_hl2\sp\src\utils\tgadiff\debug\tgadiff.tlog\link.command.1.tlog
c:\users\elouan\documents\sdk\mod_hl2\sp\src\utils\tgadiff\debug\tgadiff.tlog\link.read.1.tlog
c:\users\elouan\documents\sdk\mod_hl2\sp\src\utils\tgadiff\debug\tgadiff.tlog\link.write.1.tlog
c:\users\elouan\documents\sdk\mod_hl2\sp\src\utils\tgadiff\debug\tgadiff.tlog\tgadiff.write.1u.tlog
