c:\users\elouan\documents\sdk\mod_hl2\sp\src\mathlib\debug\vc120.pdb
c:\users\elouan\documents\sdk\mod_hl2\sp\src\mathlib\mathlib.vpc.sentinel
c:\users\elouan\documents\sdk\mod_hl2\sp\src\lib\public\mathlib.lib
c:\users\elouan\documents\sdk\mod_hl2\sp\src\mathlib\debug\3dnow.obj
c:\users\elouan\documents\sdk\mod_hl2\sp\src\mathlib\debug\almostequal.obj
c:\users\elouan\documents\sdk\mod_hl2\sp\src\mathlib\debug\anorms.obj
c:\users\elouan\documents\sdk\mod_hl2\sp\src\mathlib\debug\bumpvects.obj
c:\users\elouan\documents\sdk\mod_hl2\sp\src\mathlib\debug\color_conversion.obj
c:\users\elouan\documents\sdk\mod_hl2\sp\src\mathlib\debug\halton.obj
c:\users\elouan\documents\sdk\mod_hl2\sp\src\mathlib\debug\icekey.obj
c:\users\elouan\documents\sdk\mod_hl2\sp\src\mathlib\debug\imagequant.obj
c:\users\elouan\documents\sdk\mod_hl2\sp\src\mathlib\debug\lightdesc.obj
c:\users\elouan\documents\sdk\mod_hl2\sp\src\mathlib\debug\mathlib_base.obj
c:\users\elouan\documents\sdk\mod_hl2\sp\src\mathlib\debug\polyhedron.obj
c:\users\elouan\documents\sdk\mod_hl2\sp\src\mathlib\debug\powsse.obj
c:\users\elouan\documents\sdk\mod_hl2\sp\src\mathlib\debug\quantize.obj
c:\users\elouan\documents\sdk\mod_hl2\sp\src\mathlib\debug\randsse.obj
c:\users\elouan\documents\sdk\mod_hl2\sp\src\mathlib\debug\simdvectormatrix.obj
c:\users\elouan\documents\sdk\mod_hl2\sp\src\mathlib\debug\sparse_convolution_noise.obj
c:\users\elouan\documents\sdk\mod_hl2\sp\src\mathlib\debug\spherical.obj
c:\users\elouan\documents\sdk\mod_hl2\sp\src\mathlib\debug\sse.obj
c:\users\elouan\documents\sdk\mod_hl2\sp\src\mathlib\debug\sseconst.obj
c:\users\elouan\documents\sdk\mod_hl2\sp\src\mathlib\debug\ssenoise.obj
c:\users\elouan\documents\sdk\mod_hl2\sp\src\mathlib\debug\vector.obj
c:\users\elouan\documents\sdk\mod_hl2\sp\src\mathlib\debug\vmatrix.obj
c:\users\elouan\documents\sdk\mod_hl2\sp\src\mathlib\debug\vc120.idb
c:\users\elouan\documents\sdk\mod_hl2\sp\src\mathlib\..\lib\public\.\mathlib.lib
c:\users\elouan\documents\sdk\mod_hl2\sp\src\mathlib\debug\mathlib.tlog\cl.command.1.tlog
c:\users\elouan\documents\sdk\mod_hl2\sp\src\mathlib\debug\mathlib.tlog\cl.read.1.tlog
c:\users\elouan\documents\sdk\mod_hl2\sp\src\mathlib\debug\mathlib.tlog\cl.write.1.tlog
c:\users\elouan\documents\sdk\mod_hl2\sp\src\mathlib\debug\mathlib.tlog\custombuild.command.1.tlog
c:\users\elouan\documents\sdk\mod_hl2\sp\src\mathlib\debug\mathlib.tlog\custombuild.read.1.tlog
c:\users\elouan\documents\sdk\mod_hl2\sp\src\mathlib\debug\mathlib.tlog\custombuild.write.1.tlog
c:\users\elouan\documents\sdk\mod_hl2\sp\src\mathlib\debug\mathlib.tlog\lib-link.read.1.tlog
c:\users\elouan\documents\sdk\mod_hl2\sp\src\mathlib\debug\mathlib.tlog\lib-link.write.1.tlog
c:\users\elouan\documents\sdk\mod_hl2\sp\src\mathlib\debug\mathlib.tlog\lib.command.1.tlog
