c:\users\elouan\documents\sdk\mod_hl2\sp\src\utils\captioncompiler\debug\captioncompiler.lib
c:\users\elouan\documents\sdk\mod_hl2\sp\src\utils\captioncompiler\debug\captioncompiler.exp
c:\users\elouan\documents\sdk\mod_hl2\sp\src\utils\captioncompiler\debug\filesystem_helpers.obj
c:\users\elouan\documents\sdk\mod_hl2\sp\src\utils\captioncompiler\debug\stringregistry.obj
c:\users\elouan\documents\sdk\mod_hl2\sp\src\utils\captioncompiler\debug\memoverride.obj
c:\users\elouan\documents\sdk\mod_hl2\sp\src\utils\captioncompiler\debug\cmdlib.obj
c:\users\elouan\documents\sdk\mod_hl2\sp\src\utils\captioncompiler\debug\captioncompiler.obj
c:\users\elouan\documents\sdk\mod_hl2\sp\src\utils\captioncompiler\debug\pacifier.obj
c:\users\elouan\documents\sdk\mod_hl2\sp\src\utils\captioncompiler\debug\scriplib.obj
c:\users\elouan\documents\sdk\mod_hl2\sp\src\utils\captioncompiler\debug\filesystem_tools.obj
c:\users\elouan\documents\sdk\mod_hl2\sp\src\utils\captioncompiler\debug\filesystem_init.obj
c:\users\elouan\documents\sdk\mod_hl2\sp\src\utils\captioncompiler\debug\compiledcaptionswap.obj
c:\users\elouan\documents\sdk\mod_hl2\sp\src\utils\captioncompiler\debug\vc120.pdb
c:\users\elouan\documents\sdk\mod_hl2\sp\src\utils\captioncompiler\debug\pointeroverride.obj
c:\users\elouan\documents\sdk\mod_hl2\sp\src\utils\captioncompiler\captioncompiler.vpc.sentinel
c:\users\elouan\documents\sdk\mod_hl2\sp\src\utils\captioncompiler\debug\captioncompiler.ilk
c:\users\elouan\documents\sdk\mod_hl2\sp\src\utils\captioncompiler\debug\captioncompiler.exe
c:\users\elouan\documents\sdk\mod_hl2\sp\src\utils\captioncompiler\debug\captioncompiler.pdb
c:\users\elouan\documents\sdk\mod_hl2\sp\src\utils\captioncompiler\debug\vc120.idb
c:\users\elouan\documents\sdk\mod_hl2\sp\src\utils\captioncompiler\.\debug\.\captioncompiler.exe
c:\users\elouan\documents\sdk\mod_hl2\sp\src\utils\captioncompiler\debug\captioncompiler.tlog\captioncompiler.write.1u.tlog
c:\users\elouan\documents\sdk\mod_hl2\sp\src\utils\captioncompiler\debug\captioncompiler.tlog\cl.command.1.tlog
c:\users\elouan\documents\sdk\mod_hl2\sp\src\utils\captioncompiler\debug\captioncompiler.tlog\cl.read.1.tlog
c:\users\elouan\documents\sdk\mod_hl2\sp\src\utils\captioncompiler\debug\captioncompiler.tlog\cl.write.1.tlog
c:\users\elouan\documents\sdk\mod_hl2\sp\src\utils\captioncompiler\debug\captioncompiler.tlog\custombuild.command.1.tlog
c:\users\elouan\documents\sdk\mod_hl2\sp\src\utils\captioncompiler\debug\captioncompiler.tlog\custombuild.read.1.tlog
c:\users\elouan\documents\sdk\mod_hl2\sp\src\utils\captioncompiler\debug\captioncompiler.tlog\custombuild.write.1.tlog
c:\users\elouan\documents\sdk\mod_hl2\sp\src\utils\captioncompiler\debug\captioncompiler.tlog\link.command.1.tlog
c:\users\elouan\documents\sdk\mod_hl2\sp\src\utils\captioncompiler\debug\captioncompiler.tlog\link.read.1.tlog
c:\users\elouan\documents\sdk\mod_hl2\sp\src\utils\captioncompiler\debug\captioncompiler.tlog\link.write.1.tlog
