c:\users\elouan\documents\sdk\mod_hl2\sp\src\utils\motionmapper\release\scriplib.obj
c:\users\elouan\documents\sdk\mod_hl2\sp\src\utils\motionmapper\release\cmdlib.obj
c:\users\elouan\documents\sdk\mod_hl2\sp\src\utils\motionmapper\release\motionmapper.obj
c:\users\elouan\documents\sdk\mod_hl2\sp\src\utils\motionmapper\release\filesystem_tools.obj
c:\users\elouan\documents\sdk\mod_hl2\sp\src\utils\motionmapper\release\filesystem_helpers.obj
c:\users\elouan\documents\sdk\mod_hl2\sp\src\utils\motionmapper\release\filesystem_init.obj
c:\users\elouan\documents\sdk\mod_hl2\sp\src\utils\motionmapper\release\memoverride.obj
c:\users\elouan\documents\sdk\mod_hl2\sp\src\utils\motionmapper\release\vc120.pdb
c:\users\elouan\documents\sdk\mod_hl2\sp\src\utils\motionmapper\release\pointeroverride.obj
c:\users\elouan\documents\sdk\mod_hl2\sp\src\utils\motionmapper\motionmapper.vpc.sentinel
c:\users\elouan\documents\sdk\mod_hl2\sp\src\utils\motionmapper\release\motionmapper.exe
c:\users\elouan\documents\sdk\mod_hl2\sp\src\utils\motionmapper\release\motionmapper.pdb
c:\users\elouan\documents\sdk\mod_hl2\sp\src\utils\motionmapper\release\motionmapper.lib
c:\users\elouan\documents\sdk\mod_hl2\sp\src\utils\motionmapper\release\motionmapper.exp
c:\users\elouan\documents\sdk\mod_hl2\sp\src\utils\motionmapper\.\release\.\motionmapper.exe
c:\users\elouan\documents\sdk\mod_hl2\sp\src\utils\motionmapper\release\motionmapper.tlog\cl.command.1.tlog
c:\users\elouan\documents\sdk\mod_hl2\sp\src\utils\motionmapper\release\motionmapper.tlog\cl.read.1.tlog
c:\users\elouan\documents\sdk\mod_hl2\sp\src\utils\motionmapper\release\motionmapper.tlog\cl.write.1.tlog
c:\users\elouan\documents\sdk\mod_hl2\sp\src\utils\motionmapper\release\motionmapper.tlog\custombuild.command.1.tlog
c:\users\elouan\documents\sdk\mod_hl2\sp\src\utils\motionmapper\release\motionmapper.tlog\custombuild.read.1.tlog
c:\users\elouan\documents\sdk\mod_hl2\sp\src\utils\motionmapper\release\motionmapper.tlog\custombuild.write.1.tlog
c:\users\elouan\documents\sdk\mod_hl2\sp\src\utils\motionmapper\release\motionmapper.tlog\link.command.1.tlog
c:\users\elouan\documents\sdk\mod_hl2\sp\src\utils\motionmapper\release\motionmapper.tlog\link.read.1.tlog
c:\users\elouan\documents\sdk\mod_hl2\sp\src\utils\motionmapper\release\motionmapper.tlog\link.write.1.tlog
c:\users\elouan\documents\sdk\mod_hl2\sp\src\utils\motionmapper\release\motionmapper.tlog\motionmapper.write.1u.tlog
