  StaticProp.cpp
  boundbox.cpp
  brushbsp.cpp
  csg.cpp
  cubemap.cpp
  detail.cpp
  detailObjects.cpp
  disp_ivp.cpp
  disp_vbsp.cpp
  faces.cpp
  glfile.cpp
  ivp.cpp
  leakfile.cpp
  manifest.cpp
  map.cpp
  materialpatch.cpp
  materialsub.cpp
  nodraw.cpp
  normals.cpp
  overlay.cpp
  portals.cpp
  prtfile.cpp
  textures.cpp
  tree.cpp
  vbsp.cpp
  worldvertextransitionfixup.cpp
  writebsp.cpp
     Creating library .\Release\.\vbsp.lib and object .\Release\.\vbsp.exp
  vbsp.vcxproj -> C:\Users\Elouan\Documents\sdk\mod_hl2\sp\src\utils\vbsp\.\Release\.\vbsp.exe
